--------------------------------------------------------------------------------
[Apr 06, 2026 5:56:55.6 PM GMT:ERROR:creative_new_tab_page_ads_util.cc(157)] Successfully saved creative new tab page ads
[Apr 06, 2026 5:56:55.7 PM GMT:ERROR:creative_new_tab_page_ads_util.cc(142)] Successfully saved creative set conversions
[Apr 06, 2026 5:56:55.7 PM GMT:ERROR:creative_new_tab_page_ads_util.cc(157)] Successfully saved creative new tab page ads
[Apr 06, 2026 5:56:55.7 PM GMT:ERROR:creative_new_tab_page_ads_util.cc(142)] Successfully saved creative set conversions
--------------------------------------------------------------------------------
[Apr 06, 2026 6:21:44.3 PM GMT:ERROR:creative_new_tab_page_ads_util.cc(157)] Successfully saved creative new tab page ads
[Apr 06, 2026 6:21:44.3 PM GMT:ERROR:creative_new_tab_page_ads_util.cc(142)] Successfully saved creative set conversions
--------------------------------------------------------------------------------
[Apr 06, 2026 7:09:12.5 PM GMT:ERROR:creative_new_tab_page_ads_util.cc(157)] Successfully saved creative new tab page ads
[Apr 06, 2026 7:09:12.5 PM GMT:ERROR:creative_new_tab_page_ads_util.cc(142)] Successfully saved creative set conversions
--------------------------------------------------------------------------------
[Apr 07, 2026 12:13:34.1 PM GMT:ERROR:creative_new_tab_page_ads_util.cc(157)] Successfully saved creative new tab page ads
[Apr 07, 2026 12:13:34.1 PM GMT:ERROR:creative_new_tab_page_ads_util.cc(142)] Successfully saved creative set conversions
[Apr 07, 2026 12:13:36.8 PM GMT:ERROR:creative_new_tab_page_ads_util.cc(157)] Successfully saved creative new tab page ads
[Apr 07, 2026 12:13:36.8 PM GMT:ERROR:creative_new_tab_page_ads_util.cc(142)] Successfully saved creative set conversions
--------------------------------------------------------------------------------
[Apr 07, 2026 12:14:50.4 PM GMT:ERROR:creative_new_tab_page_ads_util.cc(157)] Successfully saved creative new tab page ads
[Apr 07, 2026 12:14:50.4 PM GMT:ERROR:creative_new_tab_page_ads_util.cc(142)] Successfully saved creative set conversions
--------------------------------------------------------------------------------
[Apr 07, 2026 12:18:22.1 PM GMT:ERROR:creative_new_tab_page_ads_util.cc(157)] Successfully saved creative new tab page ads
[Apr 07, 2026 12:18:22.1 PM GMT:ERROR:creative_new_tab_page_ads_util.cc(142)] Successfully saved creative set conversions
--------------------------------------------------------------------------------
[Apr 07, 2026 12:24:38.3 PM GMT:ERROR:creative_new_tab_page_ads_util.cc(157)] Successfully saved creative new tab page ads
[Apr 07, 2026 12:24:38.3 PM GMT:ERROR:creative_new_tab_page_ads_util.cc(142)] Successfully saved creative set conversions
--------------------------------------------------------------------------------
[Apr 07, 2026 12:34:01.7 PM GMT:ERROR:creative_new_tab_page_ads_util.cc(157)] Successfully saved creative new tab page ads
[Apr 07, 2026 12:34:01.7 PM GMT:ERROR:creative_new_tab_page_ads_util.cc(142)] Successfully saved creative set conversions
--------------------------------------------------------------------------------
[Apr 07, 2026 7:04:10.7 PM GMT:ERROR:creative_new_tab_page_ads_util.cc(157)] Successfully saved creative new tab page ads
[Apr 07, 2026 7:04:10.8 PM GMT:ERROR:creative_new_tab_page_ads_util.cc(142)] Successfully saved creative set conversions
--------------------------------------------------------------------------------
[Apr 08, 2026 2:41:44.0 PM GMT:ERROR:creative_new_tab_page_ads_util.cc(157)] Successfully saved creative new tab page ads
[Apr 08, 2026 2:41:44.0 PM GMT:ERROR:creative_new_tab_page_ads_util.cc(142)] Successfully saved creative set conversions
[Apr 08, 2026 2:41:47.8 PM GMT:ERROR:creative_new_tab_page_ads_util.cc(157)] Successfully saved creative new tab page ads
[Apr 08, 2026 2:41:47.8 PM GMT:ERROR:creative_new_tab_page_ads_util.cc(142)] Successfully saved creative set conversions
--------------------------------------------------------------------------------
[Apr 08, 2026 2:47:50.2 PM GMT:ERROR:creative_new_tab_page_ads_util.cc(157)] Successfully saved creative new tab page ads
[Apr 08, 2026 2:47:50.2 PM GMT:ERROR:creative_new_tab_page_ads_util.cc(142)] Successfully saved creative set conversions
--------------------------------------------------------------------------------
[Apr 08, 2026 2:50:56.4 PM GMT:ERROR:creative_new_tab_page_ads_util.cc(157)] Successfully saved creative new tab page ads
[Apr 08, 2026 2:50:56.4 PM GMT:ERROR:creative_new_tab_page_ads_util.cc(142)] Successfully saved creative set conversions
--------------------------------------------------------------------------------
[Apr 08, 2026 2:53:53.8 PM GMT:ERROR:creative_new_tab_page_ads_util.cc(157)] Successfully saved creative new tab page ads
[Apr 08, 2026 2:53:53.8 PM GMT:ERROR:creative_new_tab_page_ads_util.cc(142)] Successfully saved creative set conversions
--------------------------------------------------------------------------------
[Apr 08, 2026 6:05:48.6 PM GMT:ERROR:creative_new_tab_page_ads_util.cc(157)] Successfully saved creative new tab page ads
[Apr 08, 2026 6:05:48.6 PM GMT:ERROR:creative_new_tab_page_ads_util.cc(142)] Successfully saved creative set conversions
--------------------------------------------------------------------------------
[Apr 08, 2026 6:15:01.6 PM GMT:ERROR:creative_new_tab_page_ads_util.cc(157)] Successfully saved creative new tab page ads
[Apr 08, 2026 6:15:01.6 PM GMT:ERROR:creative_new_tab_page_ads_util.cc(142)] Successfully saved creative set conversions
--------------------------------------------------------------------------------
[Apr 08, 2026 6:22:51.5 PM GMT:ERROR:creative_new_tab_page_ads_util.cc(157)] Successfully saved creative new tab page ads
[Apr 08, 2026 6:22:51.5 PM GMT:ERROR:creative_new_tab_page_ads_util.cc(142)] Successfully saved creative set conversions
--------------------------------------------------------------------------------
[Apr 09, 2026 11:56:36.3 AM GMT:ERROR:creative_new_tab_page_ads_util.cc(157)] Successfully saved creative new tab page ads
[Apr 09, 2026 11:56:36.3 AM GMT:ERROR:creative_new_tab_page_ads_util.cc(142)] Successfully saved creative set conversions
[Apr 09, 2026 11:56:39.0 AM GMT:ERROR:creative_new_tab_page_ads_util.cc(157)] Successfully saved creative new tab page ads
[Apr 09, 2026 11:56:39.0 AM GMT:ERROR:creative_new_tab_page_ads_util.cc(142)] Successfully saved creative set conversions
--------------------------------------------------------------------------------
[Apr 09, 2026 2:12:38.1 PM GMT:ERROR:creative_new_tab_page_ads_util.cc(157)] Successfully saved creative new tab page ads
[Apr 09, 2026 2:12:38.1 PM GMT:ERROR:creative_new_tab_page_ads_util.cc(142)] Successfully saved creative set conversions
--------------------------------------------------------------------------------
[Apr 09, 2026 3:01:09.3 PM GMT:ERROR:creative_new_tab_page_ads_util.cc(157)] Successfully saved creative new tab page ads
[Apr 09, 2026 3:01:09.3 PM GMT:ERROR:creative_new_tab_page_ads_util.cc(142)] Successfully saved creative set conversions
--------------------------------------------------------------------------------
[Apr 09, 2026 3:03:14.9 PM GMT:ERROR:creative_new_tab_page_ads_util.cc(157)] Successfully saved creative new tab page ads
[Apr 09, 2026 3:03:15.0 PM GMT:ERROR:creative_new_tab_page_ads_util.cc(142)] Successfully saved creative set conversions
--------------------------------------------------------------------------------
[Apr 09, 2026 6:13:05.5 PM GMT:ERROR:creative_new_tab_page_ads_util.cc(157)] Successfully saved creative new tab page ads
[Apr 09, 2026 6:13:05.5 PM GMT:ERROR:creative_new_tab_page_ads_util.cc(142)] Successfully saved creative set conversions
--------------------------------------------------------------------------------
[Apr 09, 2026 7:00:02.0 PM GMT:ERROR:creative_new_tab_page_ads_util.cc(157)] Successfully saved creative new tab page ads
[Apr 09, 2026 7:00:02.0 PM GMT:ERROR:creative_new_tab_page_ads_util.cc(142)] Successfully saved creative set conversions
--------------------------------------------------------------------------------
[Apr 10, 2026 6:36:53.6 PM GMT:ERROR:creative_new_tab_page_ads_util.cc(157)] Successfully saved creative new tab page ads
[Apr 10, 2026 6:36:53.6 PM GMT:ERROR:creative_new_tab_page_ads_util.cc(142)] Successfully saved creative set conversions
[Apr 10, 2026 6:36:57.4 PM GMT:ERROR:creative_new_tab_page_ads_util.cc(157)] Successfully saved creative new tab page ads
[Apr 10, 2026 6:36:57.4 PM GMT:ERROR:creative_new_tab_page_ads_util.cc(142)] Successfully saved creative set conversions
[Apr 10, 2026 6:36:57.4 PM GMT:ERROR:creative_new_tab_page_ads_util.cc(157)] Successfully saved creative new tab page ads
[Apr 10, 2026 6:36:57.4 PM GMT:ERROR:creative_new_tab_page_ads_util.cc(142)] Successfully saved creative set conversions
--------------------------------------------------------------------------------
[Apr 10, 2026 7:33:27.7 PM GMT:ERROR:creative_new_tab_page_ads_util.cc(157)] Successfully saved creative new tab page ads
[Apr 10, 2026 7:33:27.7 PM GMT:ERROR:creative_new_tab_page_ads_util.cc(142)] Successfully saved creative set conversions
--------------------------------------------------------------------------------
[Apr 11, 2026 10:54:09.1 AM GMT:ERROR:creative_new_tab_page_ads_util.cc(157)] Successfully saved creative new tab page ads
[Apr 11, 2026 10:54:09.1 AM GMT:ERROR:creative_new_tab_page_ads_util.cc(142)] Successfully saved creative set conversions
--------------------------------------------------------------------------------
[Apr 11, 2026 11:31:49.8 AM GMT:ERROR:creative_new_tab_page_ads_util.cc(157)] Successfully saved creative new tab page ads
[Apr 11, 2026 11:31:49.8 AM GMT:ERROR:creative_new_tab_page_ads_util.cc(142)] Successfully saved creative set conversions
[Apr 11, 2026 11:31:51.8 AM GMT:ERROR:creative_new_tab_page_ads_util.cc(157)] Successfully saved creative new tab page ads
[Apr 11, 2026 11:31:51.8 AM GMT:ERROR:creative_new_tab_page_ads_util.cc(142)] Successfully saved creative set conversions
[Apr 11, 2026 11:31:52.0 AM GMT:ERROR:creative_new_tab_page_ads_util.cc(157)] Successfully saved creative new tab page ads
[Apr 11, 2026 11:31:52.0 AM GMT:ERROR:creative_new_tab_page_ads_util.cc(142)] Successfully saved creative set conversions
--------------------------------------------------------------------------------
[Apr 11, 2026 4:05:22.2 PM GMT:ERROR:creative_new_tab_page_ads_util.cc(157)] Successfully saved creative new tab page ads
[Apr 11, 2026 4:05:22.2 PM GMT:ERROR:creative_new_tab_page_ads_util.cc(142)] Successfully saved creative set conversions
--------------------------------------------------------------------------------
[Apr 11, 2026 8:07:34.9 PM GMT:ERROR:creative_new_tab_page_ads_util.cc(157)] Successfully saved creative new tab page ads
[Apr 11, 2026 8:07:34.9 PM GMT:ERROR:creative_new_tab_page_ads_util.cc(142)] Successfully saved creative set conversions
[Apr 11, 2026 8:07:37.3 PM GMT:ERROR:creative_new_tab_page_ads_util.cc(157)] Successfully saved creative new tab page ads
[Apr 11, 2026 8:07:37.3 PM GMT:ERROR:creative_new_tab_page_ads_util.cc(142)] Successfully saved creative set conversions
--------------------------------------------------------------------------------
[Apr 12, 2026 9:15:12.4 AM GMT:ERROR:creative_new_tab_page_ads_util.cc(157)] Successfully saved creative new tab page ads
[Apr 12, 2026 9:15:12.4 AM GMT:ERROR:creative_new_tab_page_ads_util.cc(142)] Successfully saved creative set conversions
[Apr 12, 2026 9:15:14.9 AM GMT:ERROR:creative_new_tab_page_ads_util.cc(157)] Successfully saved creative new tab page ads
[Apr 12, 2026 9:15:14.9 AM GMT:ERROR:creative_new_tab_page_ads_util.cc(142)] Successfully saved creative set conversions
--------------------------------------------------------------------------------
[Apr 12, 2026 12:21:14.7 PM GMT:ERROR:creative_new_tab_page_ads_util.cc(157)] Successfully saved creative new tab page ads
[Apr 12, 2026 12:21:14.7 PM GMT:ERROR:creative_new_tab_page_ads_util.cc(142)] Successfully saved creative set conversions
--------------------------------------------------------------------------------
[Apr 12, 2026 12:21:31.6 PM GMT:ERROR:creative_new_tab_page_ads_util.cc(157)] Successfully saved creative new tab page ads
[Apr 12, 2026 12:21:31.6 PM GMT:ERROR:creative_new_tab_page_ads_util.cc(142)] Successfully saved creative set conversions
--------------------------------------------------------------------------------
[Apr 12, 2026 12:25:59.8 PM GMT:ERROR:creative_new_tab_page_ads_util.cc(157)] Successfully saved creative new tab page ads
[Apr 12, 2026 12:25:59.8 PM GMT:ERROR:creative_new_tab_page_ads_util.cc(142)] Successfully saved creative set conversions
--------------------------------------------------------------------------------
[Apr 12, 2026 12:33:09.8 PM GMT:ERROR:creative_new_tab_page_ads_util.cc(157)] Successfully saved creative new tab page ads
[Apr 12, 2026 12:33:09.8 PM GMT:ERROR:creative_new_tab_page_ads_util.cc(142)] Successfully saved creative set conversions
--------------------------------------------------------------------------------
[Apr 12, 2026 3:51:37.1 PM GMT:ERROR:creative_new_tab_page_ads_util.cc(157)] Successfully saved creative new tab page ads
[Apr 12, 2026 3:51:37.1 PM GMT:ERROR:creative_new_tab_page_ads_util.cc(142)] Successfully saved creative set conversions
[Apr 12, 2026 3:51:39.6 PM GMT:ERROR:creative_new_tab_page_ads_util.cc(157)] Successfully saved creative new tab page ads
[Apr 12, 2026 3:51:39.6 PM GMT:ERROR:creative_new_tab_page_ads_util.cc(142)] Successfully saved creative set conversions
--------------------------------------------------------------------------------
[Apr 12, 2026 4:03:03.9 PM GMT:ERROR:creative_new_tab_page_ads_util.cc(157)] Successfully saved creative new tab page ads
[Apr 12, 2026 4:03:03.9 PM GMT:ERROR:creative_new_tab_page_ads_util.cc(142)] Successfully saved creative set conversions
--------------------------------------------------------------------------------
[Apr 12, 2026 5:31:16.6 PM GMT:ERROR:creative_new_tab_page_ads_util.cc(157)] Successfully saved creative new tab page ads
[Apr 12, 2026 5:31:16.6 PM GMT:ERROR:creative_new_tab_page_ads_util.cc(142)] Successfully saved creative set conversions
--------------------------------------------------------------------------------
[Apr 12, 2026 5:37:58.1 PM GMT:ERROR:creative_new_tab_page_ads_util.cc(157)] Successfully saved creative new tab page ads
[Apr 12, 2026 5:37:58.1 PM GMT:ERROR:creative_new_tab_page_ads_util.cc(142)] Successfully saved creative set conversions
--------------------------------------------------------------------------------
[Apr 13, 2026 12:18:43.2 PM GMT:ERROR:creative_new_tab_page_ads_util.cc(157)] Successfully saved creative new tab page ads
[Apr 13, 2026 12:18:43.2 PM GMT:ERROR:creative_new_tab_page_ads_util.cc(142)] Successfully saved creative set conversions
[Apr 13, 2026 12:18:45.7 PM GMT:ERROR:creative_new_tab_page_ads_util.cc(157)] Successfully saved creative new tab page ads
[Apr 13, 2026 12:18:45.7 PM GMT:ERROR:creative_new_tab_page_ads_util.cc(142)] Successfully saved creative set conversions
--------------------------------------------------------------------------------
[Apr 13, 2026 12:36:54.5 PM GMT:ERROR:creative_new_tab_page_ads_util.cc(157)] Successfully saved creative new tab page ads
[Apr 13, 2026 12:36:54.5 PM GMT:ERROR:creative_new_tab_page_ads_util.cc(142)] Successfully saved creative set conversions
--------------------------------------------------------------------------------
[Apr 13, 2026 12:47:01.6 PM GMT:ERROR:creative_new_tab_page_ads_util.cc(157)] Successfully saved creative new tab page ads
[Apr 13, 2026 12:47:01.6 PM GMT:ERROR:creative_new_tab_page_ads_util.cc(142)] Successfully saved creative set conversions
--------------------------------------------------------------------------------
[Apr 13, 2026 6:23:23.8 PM GMT:ERROR:creative_new_tab_page_ads_util.cc(157)] Successfully saved creative new tab page ads
[Apr 13, 2026 6:23:23.8 PM GMT:ERROR:creative_new_tab_page_ads_util.cc(142)] Successfully saved creative set conversions
--------------------------------------------------------------------------------
[Apr 14, 2026 6:48:11.7 PM GMT:ERROR:creative_new_tab_page_ads_util.cc(157)] Successfully saved creative new tab page ads
[Apr 14, 2026 6:48:11.7 PM GMT:ERROR:creative_new_tab_page_ads_util.cc(142)] Successfully saved creative set conversions
[Apr 14, 2026 6:48:14.2 PM GMT:ERROR:creative_new_tab_page_ads_util.cc(157)] Successfully saved creative new tab page ads
[Apr 14, 2026 6:48:14.2 PM GMT:ERROR:creative_new_tab_page_ads_util.cc(142)] Successfully saved creative set conversions
--------------------------------------------------------------------------------
[Apr 15, 2026 1:55:09.2 PM GMT:ERROR:creative_new_tab_page_ads_util.cc(157)] Successfully saved creative new tab page ads
[Apr 15, 2026 1:55:09.2 PM GMT:ERROR:creative_new_tab_page_ads_util.cc(142)] Successfully saved creative set conversions
[Apr 15, 2026 1:55:11.1 PM GMT:ERROR:creative_new_tab_page_ads_util.cc(157)] Successfully saved creative new tab page ads
[Apr 15, 2026 1:55:11.1 PM GMT:ERROR:creative_new_tab_page_ads_util.cc(142)] Successfully saved creative set conversions
--------------------------------------------------------------------------------
[Apr 15, 2026 1:55:46.5 PM GMT:ERROR:creative_new_tab_page_ads_util.cc(157)] Successfully saved creative new tab page ads
[Apr 15, 2026 1:55:46.5 PM GMT:ERROR:creative_new_tab_page_ads_util.cc(142)] Successfully saved creative set conversions
--------------------------------------------------------------------------------
[Apr 15, 2026 3:36:38.0 PM GMT:ERROR:creative_new_tab_page_ads_util.cc(157)] Successfully saved creative new tab page ads
[Apr 15, 2026 3:36:38.0 PM GMT:ERROR:creative_new_tab_page_ads_util.cc(142)] Successfully saved creative set conversions
--------------------------------------------------------------------------------
[Apr 15, 2026 4:11:43.9 PM GMT:ERROR:creative_new_tab_page_ads_util.cc(157)] Successfully saved creative new tab page ads
[Apr 15, 2026 4:11:43.9 PM GMT:ERROR:creative_new_tab_page_ads_util.cc(142)] Successfully saved creative set conversions
--------------------------------------------------------------------------------
[Apr 15, 2026 6:56:29.9 PM GMT:ERROR:creative_new_tab_page_ads_util.cc(157)] Successfully saved creative new tab page ads
[Apr 15, 2026 6:56:29.9 PM GMT:ERROR:creative_new_tab_page_ads_util.cc(142)] Successfully saved creative set conversions
--------------------------------------------------------------------------------
[Apr 16, 2026 12:23:54.9 PM GMT:ERROR:creative_new_tab_page_ads_util.cc(157)] Successfully saved creative new tab page ads
[Apr 16, 2026 12:23:54.9 PM GMT:ERROR:creative_new_tab_page_ads_util.cc(142)] Successfully saved creative set conversions
[Apr 16, 2026 12:23:57.4 PM GMT:ERROR:creative_new_tab_page_ads_util.cc(157)] Successfully saved creative new tab page ads
[Apr 16, 2026 12:23:57.4 PM GMT:ERROR:creative_new_tab_page_ads_util.cc(142)] Successfully saved creative set conversions
--------------------------------------------------------------------------------
[Apr 16, 2026 12:57:14.4 PM GMT:ERROR:creative_new_tab_page_ads_util.cc(157)] Successfully saved creative new tab page ads
[Apr 16, 2026 12:57:14.4 PM GMT:ERROR:creative_new_tab_page_ads_util.cc(142)] Successfully saved creative set conversions
--------------------------------------------------------------------------------
[Apr 16, 2026 1:21:28.1 PM GMT:ERROR:creative_new_tab_page_ads_util.cc(157)] Successfully saved creative new tab page ads
[Apr 16, 2026 1:21:28.1 PM GMT:ERROR:creative_new_tab_page_ads_util.cc(142)] Successfully saved creative set conversions
--------------------------------------------------------------------------------
[Apr 16, 2026 1:42:37.2 PM GMT:ERROR:creative_new_tab_page_ads_util.cc(157)] Successfully saved creative new tab page ads
[Apr 16, 2026 1:42:37.2 PM GMT:ERROR:creative_new_tab_page_ads_util.cc(142)] Successfully saved creative set conversions
--------------------------------------------------------------------------------
[Apr 16, 2026 2:42:17.3 PM GMT:ERROR:creative_new_tab_page_ads_util.cc(157)] Successfully saved creative new tab page ads
[Apr 16, 2026 2:42:17.3 PM GMT:ERROR:creative_new_tab_page_ads_util.cc(142)] Successfully saved creative set conversions
--------------------------------------------------------------------------------
[Apr 16, 2026 2:52:53.2 PM GMT:ERROR:creative_new_tab_page_ads_util.cc(157)] Successfully saved creative new tab page ads
[Apr 16, 2026 2:52:53.2 PM GMT:ERROR:creative_new_tab_page_ads_util.cc(142)] Successfully saved creative set conversions
--------------------------------------------------------------------------------
[Apr 16, 2026 6:05:29.6 PM GMT:ERROR:creative_new_tab_page_ads_util.cc(157)] Successfully saved creative new tab page ads
[Apr 16, 2026 6:05:29.6 PM GMT:ERROR:creative_new_tab_page_ads_util.cc(142)] Successfully saved creative set conversions
--------------------------------------------------------------------------------
[Apr 16, 2026 6:11:02.5 PM GMT:ERROR:creative_new_tab_page_ads_util.cc(157)] Successfully saved creative new tab page ads
[Apr 16, 2026 6:11:02.5 PM GMT:ERROR:creative_new_tab_page_ads_util.cc(142)] Successfully saved creative set conversions
--------------------------------------------------------------------------------
[Apr 17, 2026 6:58:09.0 PM GMT:ERROR:creative_new_tab_page_ads_util.cc(157)] Successfully saved creative new tab page ads
[Apr 17, 2026 6:58:09.0 PM GMT:ERROR:creative_new_tab_page_ads_util.cc(142)] Successfully saved creative set conversions
[Apr 17, 2026 6:58:11.4 PM GMT:ERROR:creative_new_tab_page_ads_util.cc(157)] Successfully saved creative new tab page ads
[Apr 17, 2026 6:58:11.4 PM GMT:ERROR:creative_new_tab_page_ads_util.cc(142)] Successfully saved creative set conversions
[Apr 17, 2026 6:58:12.3 PM GMT:ERROR:creative_new_tab_page_ads_util.cc(157)] Successfully saved creative new tab page ads
[Apr 17, 2026 6:58:12.3 PM GMT:ERROR:creative_new_tab_page_ads_util.cc(142)] Successfully saved creative set conversions
--------------------------------------------------------------------------------
[Apr 18, 2026 10:01:44.7 AM GMT:ERROR:creative_new_tab_page_ads_util.cc(157)] Successfully saved creative new tab page ads
[Apr 18, 2026 10:01:44.7 AM GMT:ERROR:creative_new_tab_page_ads_util.cc(142)] Successfully saved creative set conversions
[Apr 18, 2026 10:01:47.2 AM GMT:ERROR:creative_new_tab_page_ads_util.cc(157)] Successfully saved creative new tab page ads
[Apr 18, 2026 10:01:47.2 AM GMT:ERROR:creative_new_tab_page_ads_util.cc(142)] Successfully saved creative set conversions
--------------------------------------------------------------------------------
[Apr 18, 2026 5:58:12.2 PM GMT:ERROR:creative_new_tab_page_ads_util.cc(157)] Successfully saved creative new tab page ads
[Apr 18, 2026 5:58:12.2 PM GMT:ERROR:creative_new_tab_page_ads_util.cc(142)] Successfully saved creative set conversions
--------------------------------------------------------------------------------
[Apr 18, 2026 6:45:07.4 PM GMT:ERROR:creative_new_tab_page_ads_util.cc(157)] Successfully saved creative new tab page ads
[Apr 18, 2026 6:45:07.4 PM GMT:ERROR:creative_new_tab_page_ads_util.cc(142)] Successfully saved creative set conversions
--------------------------------------------------------------------------------
[Apr 18, 2026 7:18:53.8 PM GMT:ERROR:creative_new_tab_page_ads_util.cc(157)] Successfully saved creative new tab page ads
[Apr 18, 2026 7:18:53.8 PM GMT:ERROR:creative_new_tab_page_ads_util.cc(142)] Successfully saved creative set conversions
--------------------------------------------------------------------------------
[Apr 18, 2026 7:43:55.3 PM GMT:ERROR:creative_new_tab_page_ads_util.cc(157)] Successfully saved creative new tab page ads
[Apr 18, 2026 7:43:55.3 PM GMT:ERROR:creative_new_tab_page_ads_util.cc(142)] Successfully saved creative set conversions
--------------------------------------------------------------------------------
[Apr 19, 2026 11:59:20.3 AM GMT:ERROR:creative_new_tab_page_ads_util.cc(157)] Successfully saved creative new tab page ads
[Apr 19, 2026 11:59:20.3 AM GMT:ERROR:creative_new_tab_page_ads_util.cc(142)] Successfully saved creative set conversions
[Apr 19, 2026 11:59:22.7 AM GMT:ERROR:creative_new_tab_page_ads_util.cc(157)] Successfully saved creative new tab page ads
[Apr 19, 2026 11:59:22.7 AM GMT:ERROR:creative_new_tab_page_ads_util.cc(142)] Successfully saved creative set conversions
--------------------------------------------------------------------------------
[Apr 19, 2026 12:07:54.2 PM GMT:ERROR:creative_new_tab_page_ads_util.cc(157)] Successfully saved creative new tab page ads
[Apr 19, 2026 12:07:54.2 PM GMT:ERROR:creative_new_tab_page_ads_util.cc(142)] Successfully saved creative set conversions
--------------------------------------------------------------------------------
[Apr 19, 2026 12:16:56.1 PM GMT:ERROR:creative_new_tab_page_ads_util.cc(157)] Successfully saved creative new tab page ads
[Apr 19, 2026 12:16:56.1 PM GMT:ERROR:creative_new_tab_page_ads_util.cc(142)] Successfully saved creative set conversions
--------------------------------------------------------------------------------
[Apr 19, 2026 2:58:37.4 PM GMT:ERROR:creative_new_tab_page_ads_util.cc(157)] Successfully saved creative new tab page ads
[Apr 19, 2026 2:58:37.4 PM GMT:ERROR:creative_new_tab_page_ads_util.cc(142)] Successfully saved creative set conversions
--------------------------------------------------------------------------------
[Apr 19, 2026 3:09:17.3 PM GMT:ERROR:creative_new_tab_page_ads_util.cc(157)] Successfully saved creative new tab page ads
[Apr 19, 2026 3:09:17.3 PM GMT:ERROR:creative_new_tab_page_ads_util.cc(142)] Successfully saved creative set conversions
--------------------------------------------------------------------------------
[Apr 19, 2026 4:57:01.1 PM GMT:ERROR:creative_new_tab_page_ads_util.cc(157)] Successfully saved creative new tab page ads
[Apr 19, 2026 4:57:01.1 PM GMT:ERROR:creative_new_tab_page_ads_util.cc(142)] Successfully saved creative set conversions
[Apr 19, 2026 4:57:03.5 PM GMT:ERROR:creative_new_tab_page_ads_util.cc(157)] Successfully saved creative new tab page ads
[Apr 19, 2026 4:57:03.5 PM GMT:ERROR:creative_new_tab_page_ads_util.cc(142)] Successfully saved creative set conversions
--------------------------------------------------------------------------------
[Apr 19, 2026 5:34:59.1 PM GMT:ERROR:creative_new_tab_page_ads_util.cc(157)] Successfully saved creative new tab page ads
[Apr 19, 2026 5:34:59.1 PM GMT:ERROR:creative_new_tab_page_ads_util.cc(142)] Successfully saved creative set conversions
--------------------------------------------------------------------------------
[Apr 19, 2026 5:35:09.3 PM GMT:ERROR:creative_new_tab_page_ads_util.cc(157)] Successfully saved creative new tab page ads
[Apr 19, 2026 5:35:09.3 PM GMT:ERROR:creative_new_tab_page_ads_util.cc(142)] Successfully saved creative set conversions
--------------------------------------------------------------------------------
[Apr 19, 2026 7:10:35.9 PM GMT:ERROR:creative_new_tab_page_ads_util.cc(157)] Successfully saved creative new tab page ads
[Apr 19, 2026 7:10:35.9 PM GMT:ERROR:creative_new_tab_page_ads_util.cc(142)] Successfully saved creative set conversions
--------------------------------------------------------------------------------
[Apr 20, 2026 12:51:41.9 PM GMT:ERROR:creative_new_tab_page_ads_util.cc(157)] Successfully saved creative new tab page ads
[Apr 20, 2026 12:51:41.9 PM GMT:ERROR:creative_new_tab_page_ads_util.cc(142)] Successfully saved creative set conversions
[Apr 20, 2026 12:51:44.8 PM GMT:ERROR:creative_new_tab_page_ads_util.cc(157)] Successfully saved creative new tab page ads
[Apr 20, 2026 12:51:44.8 PM GMT:ERROR:creative_new_tab_page_ads_util.cc(142)] Successfully saved creative set conversions
[Apr 20, 2026 2:21:42.8 PM GMT:ERROR:creative_new_tab_page_ads_util.cc(157)] Successfully saved creative new tab page ads
[Apr 20, 2026 2:21:42.8 PM GMT:ERROR:creative_new_tab_page_ads_util.cc(142)] Successfully saved creative set conversions
--------------------------------------------------------------------------------
[Apr 20, 2026 3:37:31.1 PM GMT:ERROR:creative_new_tab_page_ads_util.cc(157)] Successfully saved creative new tab page ads
[Apr 20, 2026 3:37:31.1 PM GMT:ERROR:creative_new_tab_page_ads_util.cc(142)] Successfully saved creative set conversions
[Apr 20, 2026 3:37:34.6 PM GMT:ERROR:creative_new_tab_page_ads_util.cc(157)] Successfully saved creative new tab page ads
[Apr 20, 2026 3:37:34.6 PM GMT:ERROR:creative_new_tab_page_ads_util.cc(142)] Successfully saved creative set conversions
[Apr 20, 2026 4:22:32.0 PM GMT:ERROR:creative_new_tab_page_ads_util.cc(157)] Successfully saved creative new tab page ads
[Apr 20, 2026 4:22:32.0 PM GMT:ERROR:creative_new_tab_page_ads_util.cc(142)] Successfully saved creative set conversions
--------------------------------------------------------------------------------
[Apr 20, 2026 4:39:02.1 PM GMT:ERROR:creative_new_tab_page_ads_util.cc(157)] Successfully saved creative new tab page ads
[Apr 20, 2026 4:39:02.1 PM GMT:ERROR:creative_new_tab_page_ads_util.cc(142)] Successfully saved creative set conversions
--------------------------------------------------------------------------------
[Apr 20, 2026 5:05:37.6 PM GMT:ERROR:creative_new_tab_page_ads_util.cc(157)] Successfully saved creative new tab page ads
[Apr 20, 2026 5:05:37.6 PM GMT:ERROR:creative_new_tab_page_ads_util.cc(142)] Successfully saved creative set conversions
--------------------------------------------------------------------------------
[Apr 20, 2026 6:16:38.4 PM GMT:ERROR:creative_new_tab_page_ads_util.cc(157)] Successfully saved creative new tab page ads
[Apr 20, 2026 6:16:38.4 PM GMT:ERROR:creative_new_tab_page_ads_util.cc(142)] Successfully saved creative set conversions
--------------------------------------------------------------------------------
[Apr 20, 2026 6:37:49.1 PM GMT:ERROR:creative_new_tab_page_ads_util.cc(157)] Successfully saved creative new tab page ads
[Apr 20, 2026 6:37:49.1 PM GMT:ERROR:creative_new_tab_page_ads_util.cc(142)] Successfully saved creative set conversions
--------------------------------------------------------------------------------
[Apr 20, 2026 7:09:25.8 PM GMT:ERROR:creative_new_tab_page_ads_util.cc(157)] Successfully saved creative new tab page ads
[Apr 20, 2026 7:09:25.8 PM GMT:ERROR:creative_new_tab_page_ads_util.cc(142)] Successfully saved creative set conversions
--------------------------------------------------------------------------------
[Apr 21, 2026 2:45:39.6 PM GMT:ERROR:creative_new_tab_page_ads_util.cc(157)] Successfully saved creative new tab page ads
[Apr 21, 2026 2:45:39.6 PM GMT:ERROR:creative_new_tab_page_ads_util.cc(142)] Successfully saved creative set conversions
[Apr 21, 2026 2:45:44.3 PM GMT:ERROR:creative_new_tab_page_ads_util.cc(157)] Successfully saved creative new tab page ads
[Apr 21, 2026 2:45:44.3 PM GMT:ERROR:creative_new_tab_page_ads_util.cc(142)] Successfully saved creative set conversions
[Apr 21, 2026 3:15:40.5 PM GMT:ERROR:creative_new_tab_page_ads_util.cc(157)] Successfully saved creative new tab page ads
[Apr 21, 2026 3:15:40.5 PM GMT:ERROR:creative_new_tab_page_ads_util.cc(142)] Successfully saved creative set conversions
--------------------------------------------------------------------------------
[Apr 21, 2026 3:34:48.6 PM GMT:ERROR:creative_new_tab_page_ads_util.cc(157)] Successfully saved creative new tab page ads
[Apr 21, 2026 3:34:48.6 PM GMT:ERROR:creative_new_tab_page_ads_util.cc(142)] Successfully saved creative set conversions
--------------------------------------------------------------------------------
[Apr 21, 2026 6:45:32.6 PM GMT:ERROR:creative_new_tab_page_ads_util.cc(157)] Successfully saved creative new tab page ads
[Apr 21, 2026 6:45:32.6 PM GMT:ERROR:creative_new_tab_page_ads_util.cc(142)] Successfully saved creative set conversions
--------------------------------------------------------------------------------
[Apr 22, 2026 2:32:18.0 PM GMT:ERROR:creative_new_tab_page_ads_util.cc(157)] Successfully saved creative new tab page ads
[Apr 22, 2026 2:32:18.0 PM GMT:ERROR:creative_new_tab_page_ads_util.cc(142)] Successfully saved creative set conversions
[Apr 22, 2026 2:32:20.4 PM GMT:ERROR:creative_new_tab_page_ads_util.cc(157)] Successfully saved creative new tab page ads
[Apr 22, 2026 2:32:20.4 PM GMT:ERROR:creative_new_tab_page_ads_util.cc(142)] Successfully saved creative set conversions
--------------------------------------------------------------------------------
[Apr 22, 2026 6:01:55.5 PM GMT:ERROR:creative_new_tab_page_ads_util.cc(157)] Successfully saved creative new tab page ads
[Apr 22, 2026 6:01:55.5 PM GMT:ERROR:creative_new_tab_page_ads_util.cc(142)] Successfully saved creative set conversions
--------------------------------------------------------------------------------
[Apr 22, 2026 7:23:39.1 PM GMT:ERROR:creative_new_tab_page_ads_util.cc(157)] Successfully saved creative new tab page ads
[Apr 22, 2026 7:23:39.1 PM GMT:ERROR:creative_new_tab_page_ads_util.cc(142)] Successfully saved creative set conversions
--------------------------------------------------------------------------------
[Apr 23, 2026 12:55:45.5 PM GMT:ERROR:creative_new_tab_page_ads_util.cc(157)] Successfully saved creative new tab page ads
[Apr 23, 2026 12:55:45.5 PM GMT:ERROR:creative_new_tab_page_ads_util.cc(142)] Successfully saved creative set conversions
[Apr 23, 2026 12:55:49.0 PM GMT:ERROR:creative_new_tab_page_ads_util.cc(157)] Successfully saved creative new tab page ads
[Apr 23, 2026 12:55:49.0 PM GMT:ERROR:creative_new_tab_page_ads_util.cc(142)] Successfully saved creative set conversions
--------------------------------------------------------------------------------
[Apr 23, 2026 4:56:46.4 PM GMT:ERROR:creative_new_tab_page_ads_util.cc(157)] Successfully saved creative new tab page ads
[Apr 23, 2026 4:56:46.4 PM GMT:ERROR:creative_new_tab_page_ads_util.cc(142)] Successfully saved creative set conversions
--------------------------------------------------------------------------------
[Apr 25, 2026 6:46:09.9 AM GMT:ERROR:creative_new_tab_page_ads_util.cc(157)] Successfully saved creative new tab page ads
[Apr 25, 2026 6:46:09.9 AM GMT:ERROR:creative_new_tab_page_ads_util.cc(142)] Successfully saved creative set conversions
[Apr 25, 2026 6:46:13.4 AM GMT:ERROR:creative_new_tab_page_ads_util.cc(157)] Successfully saved creative new tab page ads
[Apr 25, 2026 6:46:13.4 AM GMT:ERROR:creative_new_tab_page_ads_util.cc(142)] Successfully saved creative set conversions
[Apr 25, 2026 6:46:14.1 AM GMT:ERROR:creative_new_tab_page_ads_util.cc(157)] Successfully saved creative new tab page ads
[Apr 25, 2026 6:46:14.1 AM GMT:ERROR:creative_new_tab_page_ads_util.cc(142)] Successfully saved creative set conversions
--------------------------------------------------------------------------------
[Apr 25, 2026 1:03:17.8 PM GMT:ERROR:creative_new_tab_page_ads_util.cc(157)] Successfully saved creative new tab page ads
[Apr 25, 2026 1:03:17.8 PM GMT:ERROR:creative_new_tab_page_ads_util.cc(142)] Successfully saved creative set conversions
--------------------------------------------------------------------------------
[Apr 25, 2026 2:33:44.0 PM GMT:ERROR:creative_new_tab_page_ads_util.cc(157)] Successfully saved creative new tab page ads
[Apr 25, 2026 2:33:44.0 PM GMT:ERROR:creative_new_tab_page_ads_util.cc(142)] Successfully saved creative set conversions
--------------------------------------------------------------------------------
[Apr 25, 2026 6:09:49.2 PM GMT:ERROR:creative_new_tab_page_ads_util.cc(157)] Successfully saved creative new tab page ads
[Apr 25, 2026 6:09:49.2 PM GMT:ERROR:creative_new_tab_page_ads_util.cc(142)] Successfully saved creative set conversions
--------------------------------------------------------------------------------
[Apr 25, 2026 6:09:55.1 PM GMT:ERROR:creative_new_tab_page_ads_util.cc(157)] Successfully saved creative new tab page ads
[Apr 25, 2026 6:09:55.1 PM GMT:ERROR:creative_new_tab_page_ads_util.cc(142)] Successfully saved creative set conversions
--------------------------------------------------------------------------------
[Apr 25, 2026 7:33:25.5 PM GMT:ERROR:creative_new_tab_page_ads_util.cc(157)] Successfully saved creative new tab page ads
[Apr 25, 2026 7:33:25.5 PM GMT:ERROR:creative_new_tab_page_ads_util.cc(142)] Successfully saved creative set conversions
--------------------------------------------------------------------------------
[Apr 26, 2026 7:19:37.9 PM GMT:ERROR:creative_new_tab_page_ads_util.cc(157)] Successfully saved creative new tab page ads
[Apr 26, 2026 7:19:37.9 PM GMT:ERROR:creative_new_tab_page_ads_util.cc(142)] Successfully saved creative set conversions
[Apr 26, 2026 7:19:40.1 PM GMT:ERROR:creative_new_tab_page_ads_util.cc(157)] Successfully saved creative new tab page ads
[Apr 26, 2026 7:19:40.1 PM GMT:ERROR:creative_new_tab_page_ads_util.cc(142)] Successfully saved creative set conversions
[Apr 26, 2026 7:19:40.5 PM GMT:ERROR:creative_new_tab_page_ads_util.cc(157)] Successfully saved creative new tab page ads
[Apr 26, 2026 7:19:40.5 PM GMT:ERROR:creative_new_tab_page_ads_util.cc(142)] Successfully saved creative set conversions
--------------------------------------------------------------------------------
[Apr 26, 2026 7:19:48.9 PM GMT:ERROR:creative_new_tab_page_ads_util.cc(157)] Successfully saved creative new tab page ads
[Apr 26, 2026 7:19:48.9 PM GMT:ERROR:creative_new_tab_page_ads_util.cc(142)] Successfully saved creative set conversions
--------------------------------------------------------------------------------
[Apr 27, 2026 12:12:17.1 PM GMT:ERROR:creative_new_tab_page_ads_util.cc(157)] Successfully saved creative new tab page ads
[Apr 27, 2026 12:12:17.1 PM GMT:ERROR:creative_new_tab_page_ads_util.cc(142)] Successfully saved creative set conversions
[Apr 27, 2026 12:12:20.4 PM GMT:ERROR:creative_new_tab_page_ads_util.cc(157)] Successfully saved creative new tab page ads
[Apr 27, 2026 12:12:20.4 PM GMT:ERROR:creative_new_tab_page_ads_util.cc(142)] Successfully saved creative set conversions
--------------------------------------------------------------------------------
[Apr 27, 2026 12:39:08.7 PM GMT:ERROR:creative_new_tab_page_ads_util.cc(157)] Successfully saved creative new tab page ads
[Apr 27, 2026 12:39:08.7 PM GMT:ERROR:creative_new_tab_page_ads_util.cc(142)] Successfully saved creative set conversions
--------------------------------------------------------------------------------
[Apr 27, 2026 1:09:03.7 PM GMT:ERROR:creative_new_tab_page_ads_util.cc(157)] Successfully saved creative new tab page ads
[Apr 27, 2026 1:09:03.7 PM GMT:ERROR:creative_new_tab_page_ads_util.cc(142)] Successfully saved creative set conversions
--------------------------------------------------------------------------------
[Apr 27, 2026 4:01:44.1 PM GMT:ERROR:creative_new_tab_page_ads_util.cc(157)] Successfully saved creative new tab page ads
[Apr 27, 2026 4:01:44.1 PM GMT:ERROR:creative_new_tab_page_ads_util.cc(142)] Successfully saved creative set conversions
--------------------------------------------------------------------------------
[Apr 27, 2026 5:47:16.6 PM GMT:ERROR:creative_new_tab_page_ads_util.cc(157)] Successfully saved creative new tab page ads
[Apr 27, 2026 5:47:16.6 PM GMT:ERROR:creative_new_tab_page_ads_util.cc(142)] Successfully saved creative set conversions
--------------------------------------------------------------------------------
[Apr 28, 2026 8:36:53.1 AM GMT:ERROR:creative_new_tab_page_ads_util.cc(157)] Successfully saved creative new tab page ads
[Apr 28, 2026 8:36:53.1 AM GMT:ERROR:creative_new_tab_page_ads_util.cc(142)] Successfully saved creative set conversions
[Apr 28, 2026 8:36:55.4 AM GMT:ERROR:creative_new_tab_page_ads_util.cc(157)] Successfully saved creative new tab page ads
[Apr 28, 2026 8:36:55.4 AM GMT:ERROR:creative_new_tab_page_ads_util.cc(142)] Successfully saved creative set conversions
--------------------------------------------------------------------------------
[Apr 28, 2026 10:36:13.1 AM GMT:ERROR:creative_new_tab_page_ads_util.cc(157)] Successfully saved creative new tab page ads
[Apr 28, 2026 10:36:13.1 AM GMT:ERROR:creative_new_tab_page_ads_util.cc(142)] Successfully saved creative set conversions
--------------------------------------------------------------------------------
[Apr 29, 2026 6:11:50.3 PM GMT:ERROR:creative_new_tab_page_ads_util.cc(157)] Successfully saved creative new tab page ads
[Apr 29, 2026 6:11:50.3 PM GMT:ERROR:creative_new_tab_page_ads_util.cc(142)] Successfully saved creative set conversions
[Apr 29, 2026 6:11:53.7 PM GMT:ERROR:creative_new_tab_page_ads_util.cc(157)] Successfully saved creative new tab page ads
[Apr 29, 2026 6:11:53.7 PM GMT:ERROR:creative_new_tab_page_ads_util.cc(142)] Successfully saved creative set conversions
--------------------------------------------------------------------------------
[Apr 29, 2026 6:20:31.9 PM GMT:ERROR:creative_new_tab_page_ads_util.cc(157)] Successfully saved creative new tab page ads
[Apr 29, 2026 6:20:31.9 PM GMT:ERROR:creative_new_tab_page_ads_util.cc(142)] Successfully saved creative set conversions
--------------------------------------------------------------------------------
[Apr 30, 2026 12:30:28.1 PM GMT:ERROR:creative_new_tab_page_ads_util.cc(157)] Successfully saved creative new tab page ads
[Apr 30, 2026 12:30:28.1 PM GMT:ERROR:creative_new_tab_page_ads_util.cc(142)] Successfully saved creative set conversions
[Apr 30, 2026 12:30:31.4 PM GMT:ERROR:creative_new_tab_page_ads_util.cc(157)] Successfully saved creative new tab page ads
[Apr 30, 2026 12:30:31.4 PM GMT:ERROR:creative_new_tab_page_ads_util.cc(142)] Successfully saved creative set conversions
--------------------------------------------------------------------------------
[Apr 30, 2026 6:58:50.4 PM GMT:ERROR:creative_new_tab_page_ads_util.cc(157)] Successfully saved creative new tab page ads
[Apr 30, 2026 6:58:50.4 PM GMT:ERROR:creative_new_tab_page_ads_util.cc(142)] Successfully saved creative set conversions
[Apr 30, 2026 6:58:54.0 PM GMT:ERROR:creative_new_tab_page_ads_util.cc(157)] Successfully saved creative new tab page ads
[Apr 30, 2026 6:58:54.0 PM GMT:ERROR:creative_new_tab_page_ads_util.cc(142)] Successfully saved creative set conversions
--------------------------------------------------------------------------------
[May 01, 2026 6:24:17.7 PM GMT:ERROR:creative_new_tab_page_ads_util.cc(157)] Successfully saved creative new tab page ads
[May 01, 2026 6:24:17.7 PM GMT:ERROR:creative_new_tab_page_ads_util.cc(142)] Successfully saved creative set conversions
[May 01, 2026 6:24:21.2 PM GMT:ERROR:creative_new_tab_page_ads_util.cc(157)] Successfully saved creative new tab page ads
[May 01, 2026 6:24:21.2 PM GMT:ERROR:creative_new_tab_page_ads_util.cc(142)] Successfully saved creative set conversions
--------------------------------------------------------------------------------
[May 02, 2026 6:46:00.7 PM GMT:ERROR:creative_new_tab_page_ads_util.cc(157)] Successfully saved creative new tab page ads
[May 02, 2026 6:46:00.7 PM GMT:ERROR:creative_new_tab_page_ads_util.cc(142)] Successfully saved creative set conversions
[May 02, 2026 6:46:04.6 PM GMT:ERROR:creative_new_tab_page_ads_util.cc(157)] Successfully saved creative new tab page ads
[May 02, 2026 6:46:04.6 PM GMT:ERROR:creative_new_tab_page_ads_util.cc(142)] Successfully saved creative set conversions
--------------------------------------------------------------------------------
[May 03, 2026 10:54:47.5 AM GMT:ERROR:creative_new_tab_page_ads_util.cc(157)] Successfully saved creative new tab page ads
[May 03, 2026 10:54:47.5 AM GMT:ERROR:creative_new_tab_page_ads_util.cc(142)] Successfully saved creative set conversions
[May 03, 2026 10:54:50.1 AM GMT:ERROR:creative_new_tab_page_ads_util.cc(157)] Successfully saved creative new tab page ads
[May 03, 2026 10:54:50.1 AM GMT:ERROR:creative_new_tab_page_ads_util.cc(142)] Successfully saved creative set conversions
--------------------------------------------------------------------------------
[May 03, 2026 7:13:00.1 PM GMT:ERROR:creative_new_tab_page_ads_util.cc(157)] Successfully saved creative new tab page ads
[May 03, 2026 7:13:00.1 PM GMT:ERROR:creative_new_tab_page_ads_util.cc(142)] Successfully saved creative set conversions
[May 03, 2026 7:13:03.4 PM GMT:ERROR:creative_new_tab_page_ads_util.cc(157)] Successfully saved creative new tab page ads
[May 03, 2026 7:13:03.4 PM GMT:ERROR:creative_new_tab_page_ads_util.cc(142)] Successfully saved creative set conversions
--------------------------------------------------------------------------------
[May 04, 2026 1:24:51.1 PM GMT:ERROR:creative_new_tab_page_ads_util.cc(157)] Successfully saved creative new tab page ads
[May 04, 2026 1:24:51.1 PM GMT:ERROR:creative_new_tab_page_ads_util.cc(142)] Successfully saved creative set conversions
[May 04, 2026 1:24:53.1 PM GMT:ERROR:creative_new_tab_page_ads_util.cc(157)] Successfully saved creative new tab page ads
[May 04, 2026 1:24:53.1 PM GMT:ERROR:creative_new_tab_page_ads_util.cc(142)] Successfully saved creative set conversions
--------------------------------------------------------------------------------
[May 04, 2026 3:22:30.3 PM GMT:ERROR:creative_new_tab_page_ads_util.cc(157)] Successfully saved creative new tab page ads
[May 04, 2026 3:22:30.3 PM GMT:ERROR:creative_new_tab_page_ads_util.cc(142)] Successfully saved creative set conversions
--------------------------------------------------------------------------------
[May 04, 2026 5:19:27.8 PM GMT:ERROR:creative_new_tab_page_ads_util.cc(157)] Successfully saved creative new tab page ads
[May 04, 2026 5:19:27.8 PM GMT:ERROR:creative_new_tab_page_ads_util.cc(142)] Successfully saved creative set conversions
--------------------------------------------------------------------------------
[May 04, 2026 6:34:13.2 PM GMT:ERROR:creative_new_tab_page_ads_util.cc(157)] Successfully saved creative new tab page ads
[May 04, 2026 6:34:13.2 PM GMT:ERROR:creative_new_tab_page_ads_util.cc(142)] Successfully saved creative set conversions
--------------------------------------------------------------------------------
[May 05, 2026 3:10:50.8 PM GMT:ERROR:creative_new_tab_page_ads_util.cc(157)] Successfully saved creative new tab page ads
[May 05, 2026 3:10:50.9 PM GMT:ERROR:creative_new_tab_page_ads_util.cc(142)] Successfully saved creative set conversions
[May 05, 2026 3:10:53.4 PM GMT:ERROR:creative_new_tab_page_ads_util.cc(157)] Successfully saved creative new tab page ads
[May 05, 2026 3:10:53.4 PM GMT:ERROR:creative_new_tab_page_ads_util.cc(142)] Successfully saved creative set conversions
--------------------------------------------------------------------------------
[May 06, 2026 2:08:07.3 PM GMT:ERROR:creative_new_tab_page_ads_util.cc(157)] Successfully saved creative new tab page ads
[May 06, 2026 2:08:07.3 PM GMT:ERROR:creative_new_tab_page_ads_util.cc(142)] Successfully saved creative set conversions
[May 06, 2026 2:08:09.8 PM GMT:ERROR:creative_new_tab_page_ads_util.cc(157)] Successfully saved creative new tab page ads
[May 06, 2026 2:08:09.8 PM GMT:ERROR:creative_new_tab_page_ads_util.cc(142)] Successfully saved creative set conversions
--------------------------------------------------------------------------------
[May 06, 2026 5:50:20.3 PM GMT:ERROR:creative_new_tab_page_ads_util.cc(157)] Successfully saved creative new tab page ads
[May 06, 2026 5:50:20.3 PM GMT:ERROR:creative_new_tab_page_ads_util.cc(142)] Successfully saved creative set conversions
--------------------------------------------------------------------------------
[May 07, 2026 12:40:57.6 PM GMT:ERROR:creative_new_tab_page_ads_util.cc(157)] Successfully saved creative new tab page ads
[May 07, 2026 12:40:57.6 PM GMT:ERROR:creative_new_tab_page_ads_util.cc(142)] Successfully saved creative set conversions
[May 07, 2026 12:41:00.1 PM GMT:ERROR:creative_new_tab_page_ads_util.cc(157)] Successfully saved creative new tab page ads
[May 07, 2026 12:41:00.1 PM GMT:ERROR:creative_new_tab_page_ads_util.cc(142)] Successfully saved creative set conversions
--------------------------------------------------------------------------------
[May 07, 2026 1:23:54.8 PM GMT:ERROR:creative_new_tab_page_ads_util.cc(157)] Successfully saved creative new tab page ads
[May 07, 2026 1:23:54.8 PM GMT:ERROR:creative_new_tab_page_ads_util.cc(142)] Successfully saved creative set conversions
--------------------------------------------------------------------------------
[May 07, 2026 4:04:20.9 PM GMT:ERROR:creative_new_tab_page_ads_util.cc(157)] Successfully saved creative new tab page ads
[May 07, 2026 4:04:20.9 PM GMT:ERROR:creative_new_tab_page_ads_util.cc(142)] Successfully saved creative set conversions
--------------------------------------------------------------------------------
[May 08, 2026 4:45:40.9 PM GMT:ERROR:creative_new_tab_page_ads_util.cc(157)] Successfully saved creative new tab page ads
[May 08, 2026 4:45:40.9 PM GMT:ERROR:creative_new_tab_page_ads_util.cc(142)] Successfully saved creative set conversions
[May 08, 2026 4:45:44.5 PM GMT:ERROR:creative_new_tab_page_ads_util.cc(157)] Successfully saved creative new tab page ads
[May 08, 2026 4:45:44.5 PM GMT:ERROR:creative_new_tab_page_ads_util.cc(142)] Successfully saved creative set conversions
[May 08, 2026 4:45:44.5 PM GMT:ERROR:creative_new_tab_page_ads_util.cc(157)] Successfully saved creative new tab page ads
[May 08, 2026 4:45:44.5 PM GMT:ERROR:creative_new_tab_page_ads_util.cc(142)] Successfully saved creative set conversions
--------------------------------------------------------------------------------
[May 08, 2026 5:28:27.7 PM GMT:ERROR:creative_new_tab_page_ads_util.cc(157)] Successfully saved creative new tab page ads
[May 08, 2026 5:28:27.7 PM GMT:ERROR:creative_new_tab_page_ads_util.cc(142)] Successfully saved creative set conversions
--------------------------------------------------------------------------------
[May 09, 2026 7:09:19.5 PM GMT:ERROR:creative_new_tab_page_ads_util.cc(157)] Successfully saved creative new tab page ads
[May 09, 2026 7:09:19.5 PM GMT:ERROR:creative_new_tab_page_ads_util.cc(142)] Successfully saved creative set conversions
[May 09, 2026 7:09:22.8 PM GMT:ERROR:creative_new_tab_page_ads_util.cc(157)] Successfully saved creative new tab page ads
[May 09, 2026 7:09:22.9 PM GMT:ERROR:creative_new_tab_page_ads_util.cc(142)] Successfully saved creative set conversions
--------------------------------------------------------------------------------
[May 09, 2026 7:18:03.2 PM GMT:ERROR:creative_new_tab_page_ads_util.cc(157)] Successfully saved creative new tab page ads
[May 09, 2026 7:18:03.2 PM GMT:ERROR:creative_new_tab_page_ads_util.cc(142)] Successfully saved creative set conversions
--------------------------------------------------------------------------------
[May 10, 2026 5:36:33.2 PM GMT:ERROR:creative_new_tab_page_ads_util.cc(157)] Successfully saved creative new tab page ads
[May 10, 2026 5:36:33.2 PM GMT:ERROR:creative_new_tab_page_ads_util.cc(142)] Successfully saved creative set conversions
[May 10, 2026 5:36:47.2 PM GMT:ERROR:creative_new_tab_page_ads_util.cc(157)] Successfully saved creative new tab page ads
[May 10, 2026 5:36:47.2 PM GMT:ERROR:creative_new_tab_page_ads_util.cc(142)] Successfully saved creative set conversions
[May 10, 2026 5:36:47.7 PM GMT:ERROR:creative_new_tab_page_ads_util.cc(157)] Successfully saved creative new tab page ads
[May 10, 2026 5:36:47.7 PM GMT:ERROR:creative_new_tab_page_ads_util.cc(142)] Successfully saved creative set conversions
--------------------------------------------------------------------------------
[May 10, 2026 6:02:38.6 PM GMT:ERROR:creative_new_tab_page_ads_util.cc(157)] Successfully saved creative new tab page ads
[May 10, 2026 6:02:38.6 PM GMT:ERROR:creative_new_tab_page_ads_util.cc(142)] Successfully saved creative set conversions
--------------------------------------------------------------------------------
[May 10, 2026 7:21:17.0 PM GMT:ERROR:creative_new_tab_page_ads_util.cc(157)] Successfully saved creative new tab page ads
[May 10, 2026 7:21:17.0 PM GMT:ERROR:creative_new_tab_page_ads_util.cc(142)] Successfully saved creative set conversions
--------------------------------------------------------------------------------
[May 11, 2026 6:37:20.7 PM GMT:ERROR:creative_new_tab_page_ads_util.cc(157)] Successfully saved creative new tab page ads
[May 11, 2026 6:37:20.7 PM GMT:ERROR:creative_new_tab_page_ads_util.cc(142)] Successfully saved creative set conversions
[May 11, 2026 6:37:23.0 PM GMT:ERROR:creative_new_tab_page_ads_util.cc(157)] Successfully saved creative new tab page ads
[May 11, 2026 6:37:23.0 PM GMT:ERROR:creative_new_tab_page_ads_util.cc(142)] Successfully saved creative set conversions
--------------------------------------------------------------------------------
[May 12, 2026 2:28:02.5 PM GMT:ERROR:creative_new_tab_page_ads_util.cc(157)] Successfully saved creative new tab page ads
[May 12, 2026 2:28:02.5 PM GMT:ERROR:creative_new_tab_page_ads_util.cc(142)] Successfully saved creative set conversions
[May 12, 2026 2:28:06.1 PM GMT:ERROR:creative_new_tab_page_ads_util.cc(157)] Successfully saved creative new tab page ads
[May 12, 2026 2:28:06.1 PM GMT:ERROR:creative_new_tab_page_ads_util.cc(142)] Successfully saved creative set conversions
--------------------------------------------------------------------------------
[May 12, 2026 2:59:40.9 PM GMT:ERROR:creative_new_tab_page_ads_util.cc(157)] Successfully saved creative new tab page ads
[May 12, 2026 2:59:40.9 PM GMT:ERROR:creative_new_tab_page_ads_util.cc(142)] Successfully saved creative set conversions
--------------------------------------------------------------------------------
[May 12, 2026 3:16:42.4 PM GMT:ERROR:creative_new_tab_page_ads_util.cc(157)] Successfully saved creative new tab page ads
[May 12, 2026 3:16:42.4 PM GMT:ERROR:creative_new_tab_page_ads_util.cc(142)] Successfully saved creative set conversions
--------------------------------------------------------------------------------
[May 13, 2026 2:23:28.1 PM GMT:ERROR:creative_new_tab_page_ads_util.cc(157)] Successfully saved creative new tab page ads
[May 13, 2026 2:23:28.1 PM GMT:ERROR:creative_new_tab_page_ads_util.cc(142)] Successfully saved creative set conversions
[May 13, 2026 2:23:31.9 PM GMT:ERROR:creative_new_tab_page_ads_util.cc(157)] Successfully saved creative new tab page ads
[May 13, 2026 2:23:31.9 PM GMT:ERROR:creative_new_tab_page_ads_util.cc(142)] Successfully saved creative set conversions
--------------------------------------------------------------------------------
[May 13, 2026 5:45:45.0 PM GMT:ERROR:creative_new_tab_page_ads_util.cc(157)] Successfully saved creative new tab page ads
[May 13, 2026 5:45:45.0 PM GMT:ERROR:creative_new_tab_page_ads_util.cc(142)] Successfully saved creative set conversions
[May 13, 2026 5:45:47.0 PM GMT:ERROR:creative_new_tab_page_ads_util.cc(157)] Successfully saved creative new tab page ads
[May 13, 2026 5:45:47.0 PM GMT:ERROR:creative_new_tab_page_ads_util.cc(142)] Successfully saved creative set conversions
--------------------------------------------------------------------------------
[May 14, 2026 4:25:48.3 PM GMT:ERROR:creative_new_tab_page_ads_util.cc(157)] Successfully saved creative new tab page ads
[May 14, 2026 4:25:48.3 PM GMT:ERROR:creative_new_tab_page_ads_util.cc(142)] Successfully saved creative set conversions
[May 14, 2026 4:25:50.4 PM GMT:ERROR:creative_new_tab_page_ads_util.cc(157)] Successfully saved creative new tab page ads
[May 14, 2026 4:25:50.4 PM GMT:ERROR:creative_new_tab_page_ads_util.cc(142)] Successfully saved creative set conversions
--------------------------------------------------------------------------------
[May 14, 2026 5:47:41.7 PM GMT:ERROR:creative_new_tab_page_ads_util.cc(157)] Successfully saved creative new tab page ads
[May 14, 2026 5:47:41.7 PM GMT:ERROR:creative_new_tab_page_ads_util.cc(142)] Successfully saved creative set conversions
--------------------------------------------------------------------------------
[May 14, 2026 6:08:57.1 PM GMT:ERROR:creative_new_tab_page_ads_util.cc(157)] Successfully saved creative new tab page ads
[May 14, 2026 6:08:57.1 PM GMT:ERROR:creative_new_tab_page_ads_util.cc(142)] Successfully saved creative set conversions
--------------------------------------------------------------------------------
[May 15, 2026 4:00:20.8 PM GMT:ERROR:creative_new_tab_page_ads_util.cc(157)] Successfully saved creative new tab page ads
[May 15, 2026 4:00:20.8 PM GMT:ERROR:creative_new_tab_page_ads_util.cc(142)] Successfully saved creative set conversions
[May 15, 2026 4:00:24.5 PM GMT:ERROR:creative_new_tab_page_ads_util.cc(157)] Successfully saved creative new tab page ads
[May 15, 2026 4:00:24.5 PM GMT:ERROR:creative_new_tab_page_ads_util.cc(142)] Successfully saved creative set conversions
--------------------------------------------------------------------------------
[May 16, 2026 6:53:35.6 AM GMT:ERROR:creative_new_tab_page_ads_util.cc(157)] Successfully saved creative new tab page ads
[May 16, 2026 6:53:35.6 AM GMT:ERROR:creative_new_tab_page_ads_util.cc(142)] Successfully saved creative set conversions
[May 16, 2026 6:53:38.9 AM GMT:ERROR:creative_new_tab_page_ads_util.cc(157)] Successfully saved creative new tab page ads
[May 16, 2026 6:53:38.9 AM GMT:ERROR:creative_new_tab_page_ads_util.cc(142)] Successfully saved creative set conversions
--------------------------------------------------------------------------------
[May 16, 2026 7:21:56.7 AM GMT:ERROR:creative_new_tab_page_ads_util.cc(157)] Successfully saved creative new tab page ads
[May 16, 2026 7:21:56.7 AM GMT:ERROR:creative_new_tab_page_ads_util.cc(142)] Successfully saved creative set conversions
--------------------------------------------------------------------------------
[May 16, 2026 7:58:30.0 AM GMT:ERROR:creative_new_tab_page_ads_util.cc(157)] Successfully saved creative new tab page ads
[May 16, 2026 7:58:30.0 AM GMT:ERROR:creative_new_tab_page_ads_util.cc(142)] Successfully saved creative set conversions
--------------------------------------------------------------------------------
[May 16, 2026 2:37:50.7 PM GMT:ERROR:creative_new_tab_page_ads_util.cc(157)] Successfully saved creative new tab page ads
[May 16, 2026 2:37:50.7 PM GMT:ERROR:creative_new_tab_page_ads_util.cc(142)] Successfully saved creative set conversions
--------------------------------------------------------------------------------
[May 16, 2026 3:09:19.9 PM GMT:ERROR:creative_new_tab_page_ads_util.cc(157)] Successfully saved creative new tab page ads
[May 16, 2026 3:09:19.9 PM GMT:ERROR:creative_new_tab_page_ads_util.cc(142)] Successfully saved creative set conversions
--------------------------------------------------------------------------------
[May 16, 2026 5:07:06.5 PM GMT:ERROR:creative_new_tab_page_ads_util.cc(157)] Successfully saved creative new tab page ads
[May 16, 2026 5:07:06.5 PM GMT:ERROR:creative_new_tab_page_ads_util.cc(142)] Successfully saved creative set conversions
--------------------------------------------------------------------------------
[May 16, 2026 6:07:43.3 PM GMT:ERROR:creative_new_tab_page_ads_util.cc(157)] Successfully saved creative new tab page ads
[May 16, 2026 6:07:43.3 PM GMT:ERROR:creative_new_tab_page_ads_util.cc(142)] Successfully saved creative set conversions
--------------------------------------------------------------------------------
[May 17, 2026 6:50:16.2 AM GMT:ERROR:creative_new_tab_page_ads_util.cc(157)] Successfully saved creative new tab page ads
[May 17, 2026 6:50:16.2 AM GMT:ERROR:creative_new_tab_page_ads_util.cc(142)] Successfully saved creative set conversions
[May 17, 2026 6:50:18.4 AM GMT:ERROR:creative_new_tab_page_ads_util.cc(157)] Successfully saved creative new tab page ads
[May 17, 2026 6:50:18.4 AM GMT:ERROR:creative_new_tab_page_ads_util.cc(142)] Successfully saved creative set conversions
--------------------------------------------------------------------------------
[May 17, 2026 8:21:13.3 AM GMT:ERROR:creative_new_tab_page_ads_util.cc(157)] Successfully saved creative new tab page ads
[May 17, 2026 8:21:13.3 AM GMT:ERROR:creative_new_tab_page_ads_util.cc(142)] Successfully saved creative set conversions
--------------------------------------------------------------------------------
[May 17, 2026 9:08:37.4 AM GMT:ERROR:creative_new_tab_page_ads_util.cc(157)] Successfully saved creative new tab page ads
[May 17, 2026 9:08:37.4 AM GMT:ERROR:creative_new_tab_page_ads_util.cc(142)] Successfully saved creative set conversions
--------------------------------------------------------------------------------
[May 17, 2026 9:22:51.5 AM GMT:ERROR:creative_new_tab_page_ads_util.cc(157)] Successfully saved creative new tab page ads
[May 17, 2026 9:22:51.5 AM GMT:ERROR:creative_new_tab_page_ads_util.cc(142)] Successfully saved creative set conversions
--------------------------------------------------------------------------------
[May 17, 2026 1:11:20.9 PM GMT:ERROR:creative_new_tab_page_ads_util.cc(157)] Successfully saved creative new tab page ads
[May 17, 2026 1:11:20.9 PM GMT:ERROR:creative_new_tab_page_ads_util.cc(142)] Successfully saved creative set conversions
--------------------------------------------------------------------------------
[May 18, 2026 2:08:37.0 PM GMT:ERROR:creative_new_tab_page_ads_util.cc(157)] Successfully saved creative new tab page ads
[May 18, 2026 2:08:37.0 PM GMT:ERROR:creative_new_tab_page_ads_util.cc(142)] Successfully saved creative set conversions
[May 18, 2026 2:08:39.5 PM GMT:ERROR:creative_new_tab_page_ads_util.cc(157)] Successfully saved creative new tab page ads
[May 18, 2026 2:08:39.5 PM GMT:ERROR:creative_new_tab_page_ads_util.cc(142)] Successfully saved creative set conversions
[May 18, 2026 2:08:40.5 PM GMT:ERROR:creative_new_tab_page_ads_util.cc(157)] Successfully saved creative new tab page ads
[May 18, 2026 2:08:40.5 PM GMT:ERROR:creative_new_tab_page_ads_util.cc(142)] Successfully saved creative set conversions
--------------------------------------------------------------------------------
[May 20, 2026 3:00:34.5 PM GMT:ERROR:creative_new_tab_page_ads_util.cc(157)] Successfully saved creative new tab page ads
[May 20, 2026 3:00:34.5 PM GMT:ERROR:creative_new_tab_page_ads_util.cc(142)] Successfully saved creative set conversions
[May 20, 2026 3:00:38.0 PM GMT:ERROR:creative_new_tab_page_ads_util.cc(157)] Successfully saved creative new tab page ads
[May 20, 2026 3:00:38.0 PM GMT:ERROR:creative_new_tab_page_ads_util.cc(142)] Successfully saved creative set conversions
--------------------------------------------------------------------------------
[May 21, 2026 1:00:57.3 PM GMT:ERROR:creative_new_tab_page_ads_util.cc(157)] Successfully saved creative new tab page ads
[May 21, 2026 1:00:57.3 PM GMT:ERROR:creative_new_tab_page_ads_util.cc(142)] Successfully saved creative set conversions
[May 21, 2026 1:00:59.6 PM GMT:ERROR:creative_new_tab_page_ads_util.cc(157)] Successfully saved creative new tab page ads
[May 21, 2026 1:00:59.6 PM GMT:ERROR:creative_new_tab_page_ads_util.cc(142)] Successfully saved creative set conversions
--------------------------------------------------------------------------------
[May 21, 2026 1:25:53.4 PM GMT:ERROR:creative_new_tab_page_ads_util.cc(157)] Successfully saved creative new tab page ads
[May 21, 2026 1:25:53.4 PM GMT:ERROR:creative_new_tab_page_ads_util.cc(142)] Successfully saved creative set conversions
--------------------------------------------------------------------------------
[May 22, 2026 7:32:11.0 PM GMT:ERROR:creative_new_tab_page_ads_util.cc(157)] Successfully saved creative new tab page ads
[May 22, 2026 7:32:11.0 PM GMT:ERROR:creative_new_tab_page_ads_util.cc(142)] Successfully saved creative set conversions
[May 22, 2026 7:32:13.5 PM GMT:ERROR:creative_new_tab_page_ads_util.cc(157)] Successfully saved creative new tab page ads
[May 22, 2026 7:32:13.5 PM GMT:ERROR:creative_new_tab_page_ads_util.cc(142)] Successfully saved creative set conversions
[May 22, 2026 7:32:14.2 PM GMT:ERROR:creative_new_tab_page_ads_util.cc(157)] Successfully saved creative new tab page ads
[May 22, 2026 7:32:14.2 PM GMT:ERROR:creative_new_tab_page_ads_util.cc(142)] Successfully saved creative set conversions
--------------------------------------------------------------------------------
[May 22, 2026 7:43:22.9 PM GMT:ERROR:creative_new_tab_page_ads_util.cc(157)] Successfully saved creative new tab page ads
[May 22, 2026 7:43:22.9 PM GMT:ERROR:creative_new_tab_page_ads_util.cc(142)] Successfully saved creative set conversions
--------------------------------------------------------------------------------
[May 23, 2026 8:47:23.2 PM GMT:ERROR:creative_new_tab_page_ads_util.cc(157)] Successfully saved creative new tab page ads
[May 23, 2026 8:47:23.2 PM GMT:ERROR:creative_new_tab_page_ads_util.cc(142)] Successfully saved creative set conversions
[May 23, 2026 8:47:26.5 PM GMT:ERROR:creative_new_tab_page_ads_util.cc(157)] Successfully saved creative new tab page ads
[May 23, 2026 8:47:26.5 PM GMT:ERROR:creative_new_tab_page_ads_util.cc(142)] Successfully saved creative set conversions
--------------------------------------------------------------------------------
[May 24, 2026 9:20:54.2 AM GMT:ERROR:creative_new_tab_page_ads_util.cc(157)] Successfully saved creative new tab page ads
[May 24, 2026 9:20:54.2 AM GMT:ERROR:creative_new_tab_page_ads_util.cc(142)] Successfully saved creative set conversions
[May 24, 2026 9:20:56.9 AM GMT:ERROR:creative_new_tab_page_ads_util.cc(157)] Successfully saved creative new tab page ads
[May 24, 2026 9:20:56.9 AM GMT:ERROR:creative_new_tab_page_ads_util.cc(142)] Successfully saved creative set conversions
--------------------------------------------------------------------------------
[May 24, 2026 12:50:12.9 PM GMT:ERROR:creative_new_tab_page_ads_util.cc(157)] Successfully saved creative new tab page ads
[May 24, 2026 12:50:12.9 PM GMT:ERROR:creative_new_tab_page_ads_util.cc(142)] Successfully saved creative set conversions
--------------------------------------------------------------------------------
[May 24, 2026 1:40:15.3 PM GMT:ERROR:creative_new_tab_page_ads_util.cc(157)] Successfully saved creative new tab page ads
[May 24, 2026 1:40:15.3 PM GMT:ERROR:creative_new_tab_page_ads_util.cc(142)] Successfully saved creative set conversions
--------------------------------------------------------------------------------
[May 24, 2026 4:06:20.9 PM GMT:ERROR:creative_new_tab_page_ads_util.cc(157)] Successfully saved creative new tab page ads
[May 24, 2026 4:06:20.9 PM GMT:ERROR:creative_new_tab_page_ads_util.cc(142)] Successfully saved creative set conversions
--------------------------------------------------------------------------------
[May 24, 2026 6:50:18.9 PM GMT:ERROR:creative_new_tab_page_ads_util.cc(157)] Successfully saved creative new tab page ads
[May 24, 2026 6:50:18.9 PM GMT:ERROR:creative_new_tab_page_ads_util.cc(142)] Successfully saved creative set conversions
--------------------------------------------------------------------------------
[May 24, 2026 7:40:20.5 PM GMT:ERROR:creative_new_tab_page_ads_util.cc(157)] Successfully saved creative new tab page ads
[May 24, 2026 7:40:20.5 PM GMT:ERROR:creative_new_tab_page_ads_util.cc(142)] Successfully saved creative set conversions
--------------------------------------------------------------------------------
[May 25, 2026 6:38:40.6 PM GMT:ERROR:creative_new_tab_page_ads_util.cc(157)] Successfully saved creative new tab page ads
[May 25, 2026 6:38:40.6 PM GMT:ERROR:creative_new_tab_page_ads_util.cc(142)] Successfully saved creative set conversions
[May 25, 2026 6:38:42.9 PM GMT:ERROR:creative_new_tab_page_ads_util.cc(157)] Successfully saved creative new tab page ads
[May 25, 2026 6:38:42.9 PM GMT:ERROR:creative_new_tab_page_ads_util.cc(142)] Successfully saved creative set conversions
[May 25, 2026 6:38:44.2 PM GMT:ERROR:creative_new_tab_page_ads_util.cc(157)] Successfully saved creative new tab page ads
[May 25, 2026 6:38:44.2 PM GMT:ERROR:creative_new_tab_page_ads_util.cc(142)] Successfully saved creative set conversions
--------------------------------------------------------------------------------
[May 25, 2026 7:38:40.0 PM GMT:ERROR:creative_new_tab_page_ads_util.cc(157)] Successfully saved creative new tab page ads
[May 25, 2026 7:38:40.0 PM GMT:ERROR:creative_new_tab_page_ads_util.cc(142)] Successfully saved creative set conversions
--------------------------------------------------------------------------------
[May 26, 2026 9:25:34.9 AM GMT:ERROR:creative_new_tab_page_ads_util.cc(157)] Successfully saved creative new tab page ads
[May 26, 2026 9:25:34.9 AM GMT:ERROR:creative_new_tab_page_ads_util.cc(142)] Successfully saved creative set conversions
[May 26, 2026 9:25:37.4 AM GMT:ERROR:creative_new_tab_page_ads_util.cc(157)] Successfully saved creative new tab page ads
[May 26, 2026 9:25:37.4 AM GMT:ERROR:creative_new_tab_page_ads_util.cc(142)] Successfully saved creative set conversions
--------------------------------------------------------------------------------
[May 26, 2026 4:13:51.9 PM GMT:ERROR:creative_new_tab_page_ads_util.cc(157)] Successfully saved creative new tab page ads
[May 26, 2026 4:13:51.9 PM GMT:ERROR:creative_new_tab_page_ads_util.cc(142)] Successfully saved creative set conversions
--------------------------------------------------------------------------------
[May 26, 2026 6:43:29.4 PM GMT:ERROR:creative_new_tab_page_ads_util.cc(157)] Successfully saved creative new tab page ads
[May 26, 2026 6:43:29.4 PM GMT:ERROR:creative_new_tab_page_ads_util.cc(142)] Successfully saved creative set conversions
--------------------------------------------------------------------------------
[May 27, 2026 1:54:54.2 PM GMT:ERROR:creative_new_tab_page_ads_util.cc(157)] Successfully saved creative new tab page ads
[May 27, 2026 1:54:54.2 PM GMT:ERROR:creative_new_tab_page_ads_util.cc(142)] Successfully saved creative set conversions
[May 27, 2026 1:54:57.9 PM GMT:ERROR:creative_new_tab_page_ads_util.cc(157)] Successfully saved creative new tab page ads
[May 27, 2026 1:54:57.9 PM GMT:ERROR:creative_new_tab_page_ads_util.cc(142)] Successfully saved creative set conversions
--------------------------------------------------------------------------------
[May 27, 2026 4:25:37.4 PM GMT:ERROR:creative_new_tab_page_ads_util.cc(157)] Successfully saved creative new tab page ads
[May 27, 2026 4:25:37.4 PM GMT:ERROR:creative_new_tab_page_ads_util.cc(142)] Successfully saved creative set conversions
--------------------------------------------------------------------------------
[May 27, 2026 4:49:22.1 PM GMT:ERROR:creative_new_tab_page_ads_util.cc(157)] Successfully saved creative new tab page ads
[May 27, 2026 4:49:22.1 PM GMT:ERROR:creative_new_tab_page_ads_util.cc(142)] Successfully saved creative set conversions
--------------------------------------------------------------------------------
[May 28, 2026 1:40:46.9 PM GMT:ERROR:creative_new_tab_page_ads_util.cc(157)] Successfully saved creative new tab page ads
[May 28, 2026 1:40:46.9 PM GMT:ERROR:creative_new_tab_page_ads_util.cc(142)] Successfully saved creative set conversions
[May 28, 2026 1:40:50.2 PM GMT:ERROR:creative_new_tab_page_ads_util.cc(157)] Successfully saved creative new tab page ads
[May 28, 2026 1:40:50.2 PM GMT:ERROR:creative_new_tab_page_ads_util.cc(142)] Successfully saved creative set conversions
--------------------------------------------------------------------------------
[May 29, 2026 5:23:40.3 PM GMT:ERROR:creative_new_tab_page_ads_util.cc(157)] Successfully saved creative new tab page ads
[May 29, 2026 5:23:40.3 PM GMT:ERROR:creative_new_tab_page_ads_util.cc(142)] Successfully saved creative set conversions
[May 29, 2026 5:23:43.9 PM GMT:ERROR:creative_new_tab_page_ads_util.cc(157)] Successfully saved creative new tab page ads
[May 29, 2026 5:23:43.9 PM GMT:ERROR:creative_new_tab_page_ads_util.cc(142)] Successfully saved creative set conversions
[May 29, 2026 5:23:44.5 PM GMT:ERROR:creative_new_tab_page_ads_util.cc(157)] Successfully saved creative new tab page ads
[May 29, 2026 5:23:44.5 PM GMT:ERROR:creative_new_tab_page_ads_util.cc(142)] Successfully saved creative set conversions
--------------------------------------------------------------------------------
[Jun 01, 2026 1:51:48.2 PM GMT:ERROR:creative_new_tab_page_ads_util.cc(157)] Successfully saved creative new tab page ads
[Jun 01, 2026 1:51:48.2 PM GMT:ERROR:creative_new_tab_page_ads_util.cc(142)] Successfully saved creative set conversions
[Jun 01, 2026 1:51:51.5 PM GMT:ERROR:creative_new_tab_page_ads_util.cc(157)] Successfully saved creative new tab page ads
[Jun 01, 2026 1:51:51.5 PM GMT:ERROR:creative_new_tab_page_ads_util.cc(142)] Successfully saved creative set conversions
[Jun 01, 2026 1:51:51.6 PM GMT:ERROR:creative_new_tab_page_ads_util.cc(157)] Successfully saved creative new tab page ads
[Jun 01, 2026 1:51:51.6 PM GMT:ERROR:creative_new_tab_page_ads_util.cc(142)] Successfully saved creative set conversions
--------------------------------------------------------------------------------
[Jun 01, 2026 4:26:21.1 PM GMT:ERROR:creative_new_tab_page_ads_util.cc(157)] Successfully saved creative new tab page ads
[Jun 01, 2026 4:26:21.1 PM GMT:ERROR:creative_new_tab_page_ads_util.cc(142)] Successfully saved creative set conversions
--------------------------------------------------------------------------------
[Jun 01, 2026 4:31:32.9 PM GMT:ERROR:creative_new_tab_page_ads_util.cc(157)] Successfully saved creative new tab page ads
[Jun 01, 2026 4:31:32.9 PM GMT:ERROR:creative_new_tab_page_ads_util.cc(142)] Successfully saved creative set conversions
--------------------------------------------------------------------------------
[Jun 01, 2026 5:04:11.2 PM GMT:ERROR:creative_new_tab_page_ads_util.cc(157)] Successfully saved creative new tab page ads
[Jun 01, 2026 5:04:11.2 PM GMT:ERROR:creative_new_tab_page_ads_util.cc(142)] Successfully saved creative set conversions
--------------------------------------------------------------------------------
[Jun 02, 2026 12:55:05.6 PM GMT:ERROR:creative_new_tab_page_ads_util.cc(157)] Successfully saved creative new tab page ads
[Jun 02, 2026 12:55:05.6 PM GMT:ERROR:creative_new_tab_page_ads_util.cc(142)] Successfully saved creative set conversions
[Jun 02, 2026 12:55:09.1 PM GMT:ERROR:creative_new_tab_page_ads_util.cc(157)] Successfully saved creative new tab page ads
[Jun 02, 2026 12:55:09.1 PM GMT:ERROR:creative_new_tab_page_ads_util.cc(142)] Successfully saved creative set conversions
--------------------------------------------------------------------------------
[Jun 02, 2026 7:09:33.4 PM GMT:ERROR:creative_new_tab_page_ads_util.cc(157)] Successfully saved creative new tab page ads
[Jun 02, 2026 7:09:33.4 PM GMT:ERROR:creative_new_tab_page_ads_util.cc(142)] Successfully saved creative set conversions
--------------------------------------------------------------------------------
[Jun 03, 2026 12:33:55.1 PM GMT:ERROR:creative_new_tab_page_ads_util.cc(157)] Successfully saved creative new tab page ads
[Jun 03, 2026 12:33:55.1 PM GMT:ERROR:creative_new_tab_page_ads_util.cc(142)] Successfully saved creative set conversions
[Jun 03, 2026 12:33:58.4 PM GMT:ERROR:creative_new_tab_page_ads_util.cc(157)] Successfully saved creative new tab page ads
[Jun 03, 2026 12:33:58.4 PM GMT:ERROR:creative_new_tab_page_ads_util.cc(142)] Successfully saved creative set conversions
--------------------------------------------------------------------------------
[Jun 08, 2026 11:56:07.5 AM GMT:ERROR:creative_new_tab_page_ads_util.cc(157)] Successfully saved creative new tab page ads
[Jun 08, 2026 11:56:07.5 AM GMT:ERROR:creative_new_tab_page_ads_util.cc(142)] Successfully saved creative set conversions
[Jun 08, 2026 12:10:39.2 PM GMT:ERROR:creative_new_tab_page_ads_util.cc(157)] Successfully saved creative new tab page ads
[Jun 08, 2026 12:10:39.2 PM GMT:ERROR:creative_new_tab_page_ads_util.cc(142)] Successfully saved creative set conversions
--------------------------------------------------------------------------------
[Jun 08, 2026 7:33:02.1 PM GMT:ERROR:creative_new_tab_page_ads_util.cc(157)] Successfully saved creative new tab page ads
[Jun 08, 2026 7:33:02.1 PM GMT:ERROR:creative_new_tab_page_ads_util.cc(142)] Successfully saved creative set conversions
--------------------------------------------------------------------------------
[Jun 09, 2026 11:38:00.0 AM GMT:ERROR:creative_new_tab_page_ads_util.cc(157)] Successfully saved creative new tab page ads
[Jun 09, 2026 11:38:00.0 AM GMT:ERROR:creative_new_tab_page_ads_util.cc(142)] Successfully saved creative set conversions
[Jun 09, 2026 11:38:03.7 AM GMT:ERROR:creative_new_tab_page_ads_util.cc(157)] Successfully saved creative new tab page ads
[Jun 09, 2026 11:38:03.7 AM GMT:ERROR:creative_new_tab_page_ads_util.cc(142)] Successfully saved creative set conversions
--------------------------------------------------------------------------------
[Jun 09, 2026 12:00:05.8 PM GMT:ERROR:creative_new_tab_page_ads_util.cc(157)] Successfully saved creative new tab page ads
[Jun 09, 2026 12:00:05.8 PM GMT:ERROR:creative_new_tab_page_ads_util.cc(142)] Successfully saved creative set conversions
--------------------------------------------------------------------------------
[Jun 09, 2026 12:57:13.4 PM GMT:ERROR:creative_new_tab_page_ads_util.cc(157)] Successfully saved creative new tab page ads
[Jun 09, 2026 12:57:13.4 PM GMT:ERROR:creative_new_tab_page_ads_util.cc(142)] Successfully saved creative set conversions
--------------------------------------------------------------------------------
[Jun 09, 2026 2:09:22.0 PM GMT:ERROR:creative_new_tab_page_ads_util.cc(157)] Successfully saved creative new tab page ads
[Jun 09, 2026 2:09:22.0 PM GMT:ERROR:creative_new_tab_page_ads_util.cc(142)] Successfully saved creative set conversions
--------------------------------------------------------------------------------
[Jun 09, 2026 3:09:11.3 PM GMT:ERROR:creative_new_tab_page_ads_util.cc(157)] Successfully saved creative new tab page ads
[Jun 09, 2026 3:09:11.3 PM GMT:ERROR:creative_new_tab_page_ads_util.cc(142)] Successfully saved creative set conversions
--------------------------------------------------------------------------------
[Jun 09, 2026 3:33:49.6 PM GMT:ERROR:creative_new_tab_page_ads_util.cc(157)] Successfully saved creative new tab page ads
[Jun 09, 2026 3:33:49.6 PM GMT:ERROR:creative_new_tab_page_ads_util.cc(142)] Successfully saved creative set conversions
--------------------------------------------------------------------------------
[Jun 09, 2026 6:24:16.5 PM GMT:ERROR:creative_new_tab_page_ads_util.cc(157)] Successfully saved creative new tab page ads
[Jun 09, 2026 6:24:16.5 PM GMT:ERROR:creative_new_tab_page_ads_util.cc(142)] Successfully saved creative set conversions
--------------------------------------------------------------------------------
[Jun 09, 2026 6:58:00.8 PM GMT:ERROR:creative_new_tab_page_ads_util.cc(157)] Successfully saved creative new tab page ads
[Jun 09, 2026 6:58:00.8 PM GMT:ERROR:creative_new_tab_page_ads_util.cc(142)] Successfully saved creative set conversions
--------------------------------------------------------------------------------
[Jun 10, 2026 1:04:18.8 PM GMT:ERROR:creative_new_tab_page_ads_util.cc(157)] Successfully saved creative new tab page ads
[Jun 10, 2026 1:04:18.8 PM GMT:ERROR:creative_new_tab_page_ads_util.cc(142)] Successfully saved creative set conversions
[Jun 10, 2026 1:04:22.2 PM GMT:ERROR:creative_new_tab_page_ads_util.cc(157)] Successfully saved creative new tab page ads
[Jun 10, 2026 1:04:22.2 PM GMT:ERROR:creative_new_tab_page_ads_util.cc(142)] Successfully saved creative set conversions
--------------------------------------------------------------------------------
[Jun 10, 2026 1:45:45.8 PM GMT:ERROR:creative_new_tab_page_ads_util.cc(157)] Successfully saved creative new tab page ads
[Jun 10, 2026 1:45:45.8 PM GMT:ERROR:creative_new_tab_page_ads_util.cc(142)] Successfully saved creative set conversions
--------------------------------------------------------------------------------
[Jun 10, 2026 6:35:12.8 PM GMT:ERROR:creative_new_tab_page_ads_util.cc(157)] Successfully saved creative new tab page ads
[Jun 10, 2026 6:35:12.8 PM GMT:ERROR:creative_new_tab_page_ads_util.cc(142)] Successfully saved creative set conversions
--------------------------------------------------------------------------------
[Jun 11, 2026 11:44:41.2 AM GMT:ERROR:creative_new_tab_page_ads_util.cc(157)] Successfully saved creative new tab page ads
[Jun 11, 2026 11:44:41.2 AM GMT:ERROR:creative_new_tab_page_ads_util.cc(142)] Successfully saved creative set conversions
